✔ registry loads all three providers (2.07224ms)
✔ bluesky: validate account (17.434485ms)
✔ bluesky: validate 401 (5.416697ms)
✔ bluesky: publish request (4.710669ms)
✔ bluesky: publish 429 (6.529264ms)
✔ bluesky: publish 500 (2.739537ms)
✔ bluesky: long text rejected without HTTP (0.476981ms)
✔ bluesky: timeout becomes NETWORK (1.176207ms)
✔ mastodon: validate account (2.07465ms)
✔ mastodon: validate 401 (0.941401ms)
✔ mastodon: publish request (1.318234ms)
✔ mastodon: publish 429 (1.128368ms)
✔ mastodon: publish 500 (1.127488ms)
✔ mastodon: long text rejected without HTTP (0.921012ms)
✔ mastodon: timeout becomes NETWORK (0.490081ms)
✔ telegram: validate account (1.299115ms)
✔ telegram: validate 401 (0.856883ms)
✔ telegram: publish request (0.915092ms)
✔ telegram: publish 429 (0.780455ms)
✔ telegram: publish 500 (0.753415ms)
✔ telegram: long text rejected without HTTP (0.821904ms)
✔ telegram: timeout becomes NETWORK (0.385722ms)
✔ Bluesky counts graphemes and resolves custom PDS without persisting sessions (2.976152ms)
✔ Bluesky uploads images and warns for streamed oversize (5.970785ms)
✔ Mastodon polls async media and attaches IDs (2005.193869ms)
✔ Mastodon caches discovered limit for preflight (2.451433ms)
✔ Mastodon 404 instance fallback and duplicate mapping (1.309945ms)
✔ Telegram 1 images split caption and follow-up (1.090709ms)
✔ Telegram 2 images split caption and follow-up (1.154498ms)
✔ Telegram body auth errors and retry_after are mapped (1.450543ms)
✔ Telegram partial success returns warning without retrying album (1.113489ms)
✔ HTTP sanitizes DNS exceptions and Retry-After dates (0.912213ms)
✔ Bluesky discovers external PDS after initial login rejection (1.471582ms)
✔ Bluesky AuthenticationRequired in 400 response is AUTH_EXPIRED (1.03889ms)
✔ HTTP maps unsupported media and aborts stalled response bodies (0.819634ms)
✔ SSRF rejected before fetch: https://localhost/a (0.259905ms)
✔ SSRF rejected before fetch: https://127.0.0.1/a (0.227986ms)
✔ SSRF rejected before fetch: https://10.0.0.1/a (0.168037ms)
✔ SSRF rejected before fetch: https://172.16.0.1/a (0.195446ms)
✔ SSRF rejected before fetch: https://192.168.1.1/a (0.220105ms)
✔ SSRF rejected before fetch: https://169.254.169.254/a (0.169217ms)
✔ SSRF rejected before fetch: https://[::1]/a (0.772425ms)
✔ SSRF rejected before fetch: https://[::ffff:127.0.0.1]/a (0.248765ms)
✔ SSRF rejected before fetch: https://0/a (0.211776ms)
✔ SSRF rejected before fetch: https://2130706433/a (0.196846ms)
✔ SSRF rejected before fetch: https://[fe80::1]/a (0.199376ms)
✔ SSRF rejected before fetch: https://[fc00::1]/a (0.292174ms)
✔ SSRF rejected before fetch: https://100.64.0.1/a (0.177846ms)
✔ SSRF rejected before fetch: https://224.0.0.1/a (0.161987ms)
✔ SSRF rejected before fetch: https://[ff02::1]/a (0.184747ms)
✔ SSRF rejected before fetch: http://example.com/a (0.189637ms)
✔ mixed DNS answers cannot reach fetch (0.313994ms)
✔ redirect revalidates destination and stream caps JSON (0.933982ms)
✔ Bluesky reconciliation adopts existing record without uploading or creating (6.960096ms)
✔ Bluesky stable valid rkey across retries, Mastodon cold discovery and persisted meta (6.012364ms)
✔ real TLS connector pins checked IP, preserves SNI and verifies certificates (149.696148ms)
✔ 90-second publish deadline spans successive requests and aborts later work (4.095512ms)
✔ Mastodon repeats the same idempotency key and adopts the same remote status (4.583731ms)
ℹ tests 58
ℹ suites 0
ℹ pass 58
ℹ fail 0
ℹ cancelled 0
ℹ skipped 0
ℹ todo 0
ℹ duration_ms 2592.970412
